


ARM Macro Assembler    Page 1 


    1 00000000         ; Exemplo.s
    2 00000000         ; Desenvolvido para a placa EK-TM4C1294XL
    3 00000000         ; Prof. Guilherme Peron
    4 00000000         ; 12/03/2018
    5 00000000         
    6 00000000         
    7 00000000         ; ------------------------------------------------------
                       -------------------------
    8 00000000         ; Declarações EQU
    9 00000000         ;<NOME>         EQU <VALOR>
   10 00000000         
   11 00000000         ; ------------------------------------------------------
                       -------------------------
   12 00000000         
   13 00000000                 AREA             |.text|, CODE, READONLY, ALIGN=
2
   14 00000000                 THUMB
   15 00000000         
   16 00000000         ; Se alguma função do arquivo for chamada em outro arqui
                       vo 
   17 00000000                 EXPORT           Start       ; Permite chamar a 
                                                            função Start a part
                                                            ir de 
   18 00000000         ; outro arquivo. No caso startup.s
   19 00000000         
   20 00000000         ; Se chamar alguma função externa 
   21 00000000         ;IMPORT <func>              ; Permite chamar dentro dest
                       e arquivo uma 
   22 00000000         ; função <func>
   23 00000000         
   24 00000000         ; ------------------------------------------------------
                       --------------------------
   25 00000000         Start
   26 00000000 F04F 000A       MOV              R0, #10     ;Salva no registrad
                                                            or R0 o valor
   27 00000004 2809            CMP              R0, #9
   28 00000006 BFA6            ITTE             GE
   29 00000008 2132            MOVGE            R1, #50
   30 0000000A F101 0220       ADDGE            R2, R1, #32
   31 0000000E 234B            MOVLT            R3, #75
   32 00000010         
   33 00000010 BF00            NOP
   34 00000012         
   35 00000012         
   36 00000012 00 00           ALIGN                        ; garante que o fim
                                                             da seção está alin
                                                            hada 
   37 00000014                 END                          ; fim do arquivo
Command Line: --debug --xref --diag_suppress=9931 --cpu=Cortex-M4.fp --apcs=int
erwork --depend=.\objects\exemplo.d -o.\objects\exemplo.o -I.\RTE\_Target_1 -IC
:\Keil\ARM\PACK\Keil\TM4C_DFP\1.1.0\Device\Include\TM4C129 -IC:\Keil\ARM\CMSIS\
Include --predefine="__EVAL SETA 1" --predefine="__UVISION_VERSION SETA 524" --
predefine="TM4C1294NCPDT SETA 1" --list=.\listings\exemplo.lst exemplo.s



ARM Macro Assembler    Page 1 Alphabetic symbol ordering
Relocatable symbols

.text 00000000

Symbol: .text
   Definitions
      At line 13 in file exemplo.s
   Uses
      None
Comment: .text unused
Start 00000000

Symbol: Start
   Definitions
      At line 25 in file exemplo.s
   Uses
      At line 17 in file exemplo.s
Comment: Start used once
2 symbols
336 symbols in table
